// Jest Snapshot v1, https://goo.gl/fbAQLP

exports[`<SingleArmourPiece /> renders correctly for a single armour piece 1`] = `
<div>
  <div
    class="single-gear-item__title-bar"
  >
    <h1
      class="single-gear-item__heading"
    >
      Nightwatcher
    </h1>
  </div>
  <img
    alt="Mask icon"
    class="single-gear-item__icon-image"
    data-testid="itemIcon"
    src="https://res.cloudinary.com/dbm1h5w02/image/upload/v1647498165/agent-field-manual/6232d3b4ec80b2199ff2c03a.png"
  />
  <div>
    <blockquote
      data-testid="flavourText"
    >
      Through glass and steel; looking at you; a view so cruel.
    </blockquote>
    <p
      data-testid="itemPiece"
    >
      Mask
    </p>
    <p
      data-testid="itemNotes"
    >
      This mask has been manufactured by Gila Guard and comes with Armour as the primary Core attribute. It has one fixed minor attribute - 100% Scanner Pulse Haste - and one random minor attribute which can be any of the stats listed below. It also has one gear mod slot.
    </p>
  </div>
  <div
    class="single-gear-item__content"
    data-testid="singleArmourPiece"
  >
    <div
      class="single-gear-item__details"
    >
      <div
        class="single-gear-item__title-bar"
      >
        <h2
          class="single-gear-item__subheading"
        >
          Level 40 Stats
        </h2>
      </div>
      <div
        class="single-gear-item__title-bar"
      >
        <h3
          class="single-gear-item__h3subheading"
        >
          Core Attributes
        </h3>
      </div>
      <ul>
        <li
          data-testid="itemCoreTwoType"
        >
          170,000
           
          Armour
        </li>
      </ul>
      <div
        class="single-gear-item__title-bar"
      >
        <h3
          class="single-gear-item__h3subheading"
        >
          Minor Attributes - Offensive
        </h3>
      </div>
      <ul>
        <li
          data-testid="itemOffAttrOneMax40Value"
        >
          6
          % 
          Critical Hit Chance
        </li>
        <li
          data-testid="itemOffAttrTwoMax40Value"
        >
          15
          % 
          Critical Hit Damage
        </li>
        <li
          data-testid="itemOffAttrThreeMax40Value"
        >
          10
          % 
          Headshot Damage
        </li>
        <li
          data-testid="itemOffAttrFourMax40Value"
        >
          8
          % 
          Weapon Handling
        </li>
      </ul>
      <div
        class="single-gear-item__title-bar"
      >
        <h3
          class="single-gear-item__h3subheading"
        >
          Minor Attributes - Defensive
        </h3>
      </div>
      <ul>
        <li
          data-testid="itemDefAttrOneMax40Value"
        >
          4,925
           
          per second 
          Armour Regeneration
        </li>
        <li
          data-testid="itemDefAttrTwoMax40Value"
        >
          10
          % 
          Explosive Resistance
        </li>
        <li
          data-testid="itemDefAttrThreeMax40Value"
        >
          10
          % 
          Hazard Protection
        </li>
        <li
          data-testid="itemDefAttrFourMax40Value"
        >
          18,935
           
          Health
        </li>
      </ul>
      <div
        class="single-gear-item__title-bar"
      >
        <h3
          class="single-gear-item__h3subheading"
        >
          Minor Attributes - Utility
        </h3>
      </div>
      <ul>
        <li
          data-testid="itemUtilAttrOneMax40Value"
        >
          10
          % 
          Skill Damage
        </li>
        <li
          data-testid="itemUtilAttrTwoMax40Value"
        >
          12
          % 
          Skill Haste
        </li>
        <li
          data-testid="itemUtilAttrThreeMax40Value"
        >
          20
          % 
          Skill Repair
        </li>
        <li
          data-testid="itemUtilAttrFourMax40Value"
        >
          10
          % 
          Status Effects
        </li>
      </ul>
    </div>
    <div
      class="single-gear-item__details"
      data-testid="itemWT5Details"
    >
      <div
        class="single-gear-item__title-bar"
      >
        <h2
          class="single-gear-item__subheading"
        >
          World Tier 5 Stats
        </h2>
      </div>
      <div
        class="single-gear-item__title-bar"
      >
        <h3
          class="single-gear-item__h3subheading"
        >
          Core Attributes
        </h3>
      </div>
      <ul>
        <li>
          42,458
           
          Armour
        </li>
      </ul>
      <div
        class="single-gear-item__title-bar"
      >
        <h3
          class="single-gear-item__h3subheading"
        >
          Minor Attributes - Offensive
        </h3>
      </div>
      <ul>
        <li />
        <li />
      </ul>
      <ul>
        <li>
          5.1
          % 
          Critical Hit Chance
        </li>
        <li>
          7.9
          % 
          Critical Hit Damage
        </li>
        <li>
          6.9
          % 
          Headshot Damage
        </li>
        <li>
          7
          % 
          Weapon Handling
        </li>
      </ul>
      <div
        class="single-gear-item__title-bar"
      >
        <h3
          class="single-gear-item__h3subheading"
        >
          Minor Attributes - Defensive
        </h3>
      </div>
      <ul>
        <li>
          1,223
           
          per second
           
          Armour Regeneration
        </li>
        <li>
          6.6
          % 
          Explosive Resistance
        </li>
        <li>
          6.6
          % 
          Hazard Protection
        </li>
        <li>
          4,695
           
          Health
        </li>
      </ul>
      <div
        class="single-gear-item__title-bar"
      >
        <h3
          class="single-gear-item__h3subheading"
        >
          Minor Attributes - Utility
        </h3>
      </div>
      <ul>
        <li>
          6.9
          % 
          Skill Damage
        </li>
        <li>
          7.9
          % 
          Skill Haste
        </li>
        <li>
          12.1
          % 
          Skill Repair
        </li>
        <li>
          6.6
          % 
          Status Effects
        </li>
      </ul>
    </div>
  </div>
  <div
    class="single-gear-item__sub-content"
  >
    <div
      class="single-gear-item__details"
    >
      <div
        class="single-gear-item__title-bar"
      >
        <h3
          class="single-gear-item__h3subheading"
        >
          Item Unique Attribute
        </h3>
      </div>
      <ul>
        <li>
          100% Pulse Haste
        </li>
      </ul>
      <div
        class="single-gear-item__title-bar"
      >
        <h3
          class="single-gear-item__h3subheading"
        >
          Number of Mod Slots
        </h3>
      </div>
      <ul>
        <li>
          1
        </li>
      </ul>
    </div>
  </div>
</div>
`;
